
> lexanova-producao@3.2.0 build
> next build

   Ôû▓ Next.js 15.5.12
   - Environments: .env.local, .env

node.exe : 
No linha:1 caractere:1
+ & "C:\Program 
Files\nodejs/node.exe" 
"C:\Program 
Files\nodejs/node_mo 
...
+ ~~~~~~~~~~~~~~~~~~~~~
~~~~~~~~~~~~~~~~~~~~~~~
~~~~~~~~~~~~~~~~~~~~~~~
~~
    + CategoryInfo     
         : NotSpecifi  
  ed: (:String) [],    
 RemoteException
    + FullyQualifiedEr 
   rorId : NativeComm  
  andError
 
> Build error occurred
[Error: EINVAL: 
invalid argument, 
readlink 'C:\Users\user
\OneDrive - Creare Sist
emas\Documentos\lexa\le
xanova-core\.next\types
\routes.d.ts'] {
  errno: -4071,
  code: 'EINVAL',
  syscall: 'readlink',
  path: 'C:\\Users\\use
r\\OneDrive - Creare Si
stemas\\Documentos\\lex
a\\lexanova-core\\.next
\\types\\routes.d.ts'
}
